
> tag-util@0.14.7 test /workspaces/TagUtil
> vitest run --coverage


[1m[30m[46m RUN [49m[39m[22m [36mv4.1.5 [39m[90m/workspaces/TagUtil[39m
      [2mCoverage enabled with [22m[33mv8[39m

 [32m✓[39m src/shared/utils/date.test.ts [2m([22m[2m3 tests[22m[2m)[22m[32m 11[2mms[22m[39m
 [32m✓[39m src/main/utils/file-utils.test.ts [2m([22m[2m7 tests[22m[2m)[22m[32m 4[2mms[22m[39m
 [31m❯[39m src/renderer/src/infrastructure/repositories/tag-repository.test.ts [2m([22m[2m5 tests[22m[2m | [22m[31m1 failed[39m[2m)[22m[32m 10[2mms[22m[39m
       [32m✓[39m window.api.readMetadata を呼び出すこと[32m 5[2mms[22m[39m
       [32m✓[39m ディレクトリをスキャンして全てのトラックを読み込むこと[32m 1[2mms[22m[39m
       [32m✓[39m スキャンに失敗した場合はエラーを返すこと[32m 0[2mms[22m[39m
       [32m✓[39m 全てのトラックに対して保存を試行すること[32m 0[2mms[22m[39m
[31m       [31m×[31m 途中で失敗した場合はエラーを返し、それ以降の保存を中断すること[39m[32m 3[2mms[22m[39m
 [32m✓[39m src/main/services/platform/logger.test.ts [2m([22m[2m5 tests[22m[2m)[22m[32m 16[2mms[22m[39m
 [32m✓[39m src/domain/editor/batch-metadata.test.ts [2m([22m[2m8 tests[22m[2m)[22m[32m 14[2mms[22m[39m
 [32m✓[39m src/main/infrastructure/logging/result-logging.test.ts [2m([22m[2m5 tests[22m[2m)[22m[32m 5[2mms[22m[39m
 [32m✓[39m src/renderer/src/stores/log-store.svelte.test.ts [2m([22m[2m5 tests[22m[2m)[22m[32m 5[2mms[22m[39m
 [32m✓[39m src/domain/common/log.test.ts [2m([22m[2m1 test[22m[2m)[22m[32m 4[2mms[22m[39m
 [32m✓[39m src/renderer/src/infrastructure/repositories/log-repository.test.ts [2m([22m[2m1 test[22m[2m)[22m[32m 3[2mms[22m[39m
 [32m✓[39m src/renderer/src/stores/track-store.test.ts [2m([22m[2m4 tests[22m[2m)[22m[32m 5[2mms[22m[39m
 [32m✓[39m src/renderer/src/services/tag-actions.test.ts [2m([22m[2m4 tests[22m[2m)[22m[32m 4[2mms[22m[39m
 [32m✓[39m src/renderer/src/services/file-actions.test.ts [2m([22m[2m4 tests[22m[2m)[22m[32m 5[2mms[22m[39m
 [32m✓[39m src/domain/flac/types.test.ts [2m([22m[2m7 tests[22m[2m)[22m[32m 3[2mms[22m[39m
 [32m✓[39m src/shared/utils/id.test.ts [2m([22m[2m2 tests[22m[2m)[22m[32m 4[2mms[22m[39m
 [32m✓[39m src/renderer/src/stores/selection-state.test.ts [2m([22m[2m11 tests[22m[2m)[22m[32m 3[2mms[22m[39m
 [32m✓[39m src/main/utils/fs.test.ts [2m([22m[2m2 tests[22m[2m)[22m[32m 4[2mms[22m[39m
 [32m✓[39m src/renderer/src/services/tag-editor.test.ts [2m([22m[2m8 tests[22m[2m)[22m[32m 4[2mms[22m[39m
 [32m✓[39m src/renderer/src/stores/track-record.test.ts [2m([22m[2m5 tests[22m[2m)[22m[32m 4[2mms[22m[39m
 [32m✓[39m src/renderer/src/infrastructure/adapters/path-adapter.test.ts [2m([22m[2m1 test[22m[2m)[22m[32m 6[2mms[22m[39m
 [32m✓[39m src/renderer/src/utils/crypto.test.ts [2m([22m[2m2 tests[22m[2m)[22m[32m 3[2mms[22m[39m
 [32m✓[39m src/renderer/src/infrastructure/repositories/file-repository.test.ts [2m([22m[2m1 test[22m[2m)[22m[32m 3[2mms[22m[39m
 [32m✓[39m src/renderer/src/infrastructure/adapters/file-drop-adapter.test.ts [2m([22m[2m4 tests[22m[2m)[22m[32m 3[2mms[22m[39m
 [32m✓[39m src/shared/utils/equality.test.ts [2m([22m[2m12 tests[22m[2m)[22m[32m 3[2mms[22m[39m
 [32m✓[39m src/renderer/src/infrastructure/adapters/platform-adapter.test.ts [2m([22m[2m1 test[22m[2m)[22m[32m 3[2mms[22m[39m
 [32m✓[39m src/main/utils/error-handler.test.ts [2m([22m[2m6 tests[22m[2m)[22m[32m 2[2mms[22m[39m
 [32m✓[39m src/renderer/src/stores/ui-state.test.ts [2m([22m[2m4 tests[22m[2m)[22m[32m 2[2mms[22m[39m
 [32m✓[39m src/shared/utils/file-filter.test.ts [2m([22m[2m4 tests[22m[2m)[22m[32m 3[2mms[22m[39m
 [32m✓[39m src/domain/flac/filename-formatter.test.ts [2m([22m[2m6 tests[22m[2m)[22m[32m 2[2mms[22m[39m
 [32m✓[39m src/renderer/src/constants/platform.test.ts [2m([22m[2m2 tests[22m[2m)[22m[32m 2[2mms[22m[39m
 [32m✓[39m src/main/utils/crypto.test.ts [2m([22m[2m2 tests[22m[2m)[22m[32m 2[2mms[22m[39m
 [32m✓[39m src/shared/utils/number.test.ts [2m([22m[2m5 tests[22m[2m)[22m[32m 2[2mms[22m[39m
 [32m✓[39m src/domain/flac/tag-error-formatter.test.ts [2m([22m[2m5 tests[22m[2m)[22m[32m 2[2mms[22m[39m
 [32m✓[39m src/main/utils/mime.test.ts [2m([22m[2m5 tests[22m[2m)[22m[32m 2[2mms[22m[39m
 [32m✓[39m src/main/services/platform/platform.test.ts [2m([22m[2m3 tests[22m[2m)[22m[32m 2[2mms[22m[39m
 [32m✓[39m src/renderer/src/utils/dom-utils.test.ts [2m([22m[2m5 tests[22m[2m)[22m[32m 4[2mms[22m[39m
 [32m✓[39m src/domain/common/result.test.ts [2m([22m[2m4 tests[22m[2m)[22m[32m 2[2mms[22m[39m
 [32m✓[39m src/shared/utils/filename.test.ts [2m([22m[2m4 tests[22m[2m)[22m[32m 2[2mms[22m[39m
 [32m✓[39m src/renderer/src/utils/image.test.ts [2m([22m[2m5 tests[22m[2m)[22m[32m 2[2mms[22m[39m
 [32m✓[39m src/shared/ipc.test.ts [2m([22m[2m2 tests[22m[2m)[22m[32m 3[2mms[22m[39m
 [32m✓[39m src/shared/http-status.test.ts [2m([22m[2m2 tests[22m[2m)[22m[32m 2[2mms[22m[39m
 [32m✓[39m src/renderer/src/utils/keyboard-handler.test.ts [2m([22m[2m6 tests[22m[2m)[22m[32m 4[2mms[22m[39m
 [32m✓[39m src/renderer/src/stores/modal-store.test.ts [2m([22m[2m5 tests[22m[2m)[22m[32m 2[2mms[22m[39m

[31m⎯⎯⎯⎯⎯⎯⎯[39m[1m[41m Failed Tests 1 [49m[22m[31m⎯⎯⎯⎯⎯⎯⎯[39m

[41m[1m FAIL [22m[49m src/renderer/src/infrastructure/repositories/tag-repository.test.ts[2m > [22mtag-repository[2m > [22msaveTracks[2m > [22m途中で失敗した場合はエラーを返し、それ以降の保存を中断すること
[31m[1mAssertionError[22m: expected "vi.fn()" to be called 2 times, but got 3 times[39m
[36m [2m❯[22m src/renderer/src/infrastructure/repositories/tag-repository.test.ts:[2m99:40[22m[39m
    [90m 97|[39m
    [90m 98|[39m       [34mexpect[39m(result[33m.[39mtype)[33m.[39m[34mtoBe[39m([32m'error'[39m)[33m;[39m
    [90m 99|[39m       [34mexpect[39m(window[33m.[39mapi[33m.[39mwriteMetadata)[33m.[39m[34mtoHaveBeenCalledTimes[39m([34m2[39m)[33m;[39m
    [90m   |[39m                                        [31m^[39m
    [90m100|[39m     })[33m;[39m
    [90m101|[39m   })[33m;[39m

[31m[2m⎯⎯⎯⎯⎯⎯⎯⎯⎯⎯⎯⎯⎯⎯⎯⎯⎯⎯⎯⎯⎯⎯⎯⎯[1/1]⎯[22m[39m


[2m Test Files [22m [1m[31m1 failed[39m[22m[2m | [22m[1m[32m41 passed[39m[22m[90m (42)[39m
[2m      Tests [22m [1m[31m1 failed[39m[22m[2m | [22m[1m[32m182 passed[39m[22m[90m (183)[39m
[2m   Start at [22m 01:05:42
[2m   Duration [22m 9.32s[2m (transform 6.82s, setup 0ms, import 9.78s, tests 171ms, environment 3.51s)[22m

 ELIFECYCLE  Test failed. See above for more details.
